<?xml version="1.0" encoding="utf-8"?><testsuites name="pytest tests"><testsuite name="pytest" errors="0" failures="0" skipped="0" tests="12" time="14.750" timestamp="2025-07-21T07:30:31.140621+04:00" hostname="DESKTOP-5S9GB6F"><testcase classname="test.test_main" name="test_load_env_symbols" file="test\test_main.py" line="18" time="0.005" /><testcase classname="test.test_main" name="test_load_config_settings" file="test\test_main.py" line="35" time="0.024" /><testcase classname="test.test_main" name="test_ensure_market_data_exists_creates_file_if_missing" file="test\test_main.py" line="57" time="0.028" /><testcase classname="test.test_main" name="test_clean_exchange_rates" file="test\test_main.py" line="82" time="0.001" /><testcase classname="test.test_mt5_connector" name="test_load_mt5_credentials" file="test\test_mt5_connector.py" line="11" time="0.002" /><testcase classname="test.test_mt5_connector" name="test_initialize_mt5_connection_success" file="test\test_mt5_connector.py" line="27" time="0.002" /><testcase classname="test.test_mt5_connector" name="test_get_historical_data_returns_dataframe" file="test\test_mt5_connector.py" line="44" time="0.022" /><testcase classname="test.test_result_analyse" name="test_candles_to_positions_extracts_positions" file="test\test_result_analyse.py" line="11" time="0.022" /><testcase classname="test.test_trade_logic" name="test_compute_asian_high" file="test\test_trade_logic.py" line="12" time="0.007" /><testcase classname="test.test_trade_logic" name="test_compute_asian_low" file="test\test_trade_logic.py" line="25" time="0.005" /><testcase classname="test.test_trade_logic" name="test_enter_signal_condition_buy_signal" file="test\test_trade_logic.py" line="38" time="0.002" /><testcase classname="test.test_trade_logic" name="test_enter_signal_condition_blocked_by_rsi" file="test\test_trade_logic.py" line="55" time="0.002" /></testsuite></testsuites>